Archive member included to satisfy reference by file (symbol)

c:/hu/gcc-arm-none-eabi-9-2019-q4-major-win32/bin/../lib/gcc/arm-none-eabi/9.2.1/../../../../arm-none-eabi/lib/thumb/v7-m/nofp\libm.a(lib_a-w_sqrt.o)
                              snake.o (sqrt)
c:/hu/gcc-arm-none-eabi-9-2019-q4-major-win32/bin/../lib/gcc/arm-none-eabi/9.2.1/../../../../arm-none-eabi/lib/thumb/v7-m/nofp\libm.a(lib_a-e_sqrt.o)
                              c:/hu/gcc-arm-none-eabi-9-2019-q4-major-win32/bin/../lib/gcc/arm-none-eabi/9.2.1/../../../../arm-none-eabi/lib/thumb/v7-m/nofp\libm.a(lib_a-w_sqrt.o) (__ieee754_sqrt)
c:/hu/gcc-arm-none-eabi-9-2019-q4-major-win32/bin/../lib/gcc/arm-none-eabi/9.2.1/../../../../arm-none-eabi/lib/thumb/v7-m/nofp\libm.a(lib_a-s_lib_ver.o)
                              c:/hu/gcc-arm-none-eabi-9-2019-q4-major-win32/bin/../lib/gcc/arm-none-eabi/9.2.1/../../../../arm-none-eabi/lib/thumb/v7-m/nofp\libm.a(lib_a-w_sqrt.o) (__fdlib_version)
c:/hu/gcc-arm-none-eabi-9-2019-q4-major-win32/bin/../lib/gcc/arm-none-eabi/9.2.1/../../../../arm-none-eabi/lib/thumb/v7-m/nofp\libm.a(lib_a-s_matherr.o)
                              c:/hu/gcc-arm-none-eabi-9-2019-q4-major-win32/bin/../lib/gcc/arm-none-eabi/9.2.1/../../../../arm-none-eabi/lib/thumb/v7-m/nofp\libm.a(lib_a-w_sqrt.o) (matherr)
c:/hu/gcc-arm-none-eabi-9-2019-q4-major-win32/bin/../lib/gcc/arm-none-eabi/9.2.1/thumb/v7-m/nofp\libgcc.a(_arm_muldf3.o)
                              c:/hu/gcc-arm-none-eabi-9-2019-q4-major-win32/bin/../lib/gcc/arm-none-eabi/9.2.1/../../../../arm-none-eabi/lib/thumb/v7-m/nofp\libm.a(lib_a-e_sqrt.o) (__aeabi_dmul)
c:/hu/gcc-arm-none-eabi-9-2019-q4-major-win32/bin/../lib/gcc/arm-none-eabi/9.2.1/thumb/v7-m/nofp\libgcc.a(_arm_addsubdf3.o)
                              c:/hu/gcc-arm-none-eabi-9-2019-q4-major-win32/bin/../lib/gcc/arm-none-eabi/9.2.1/../../../../arm-none-eabi/lib/thumb/v7-m/nofp\libm.a(lib_a-e_sqrt.o) (__aeabi_dsub)
c:/hu/gcc-arm-none-eabi-9-2019-q4-major-win32/bin/../lib/gcc/arm-none-eabi/9.2.1/thumb/v7-m/nofp\libgcc.a(_arm_muldivdf3.o)
                              c:/hu/gcc-arm-none-eabi-9-2019-q4-major-win32/bin/../lib/gcc/arm-none-eabi/9.2.1/../../../../arm-none-eabi/lib/thumb/v7-m/nofp\libm.a(lib_a-w_sqrt.o) (__aeabi_ddiv)
c:/hu/gcc-arm-none-eabi-9-2019-q4-major-win32/bin/../lib/gcc/arm-none-eabi/9.2.1/thumb/v7-m/nofp\libgcc.a(_arm_cmpdf2.o)
                              c:/hu/gcc-arm-none-eabi-9-2019-q4-major-win32/bin/../lib/gcc/arm-none-eabi/9.2.1/../../../../arm-none-eabi/lib/thumb/v7-m/nofp\libm.a(lib_a-w_sqrt.o) (__aeabi_dcmplt)
c:/hu/gcc-arm-none-eabi-9-2019-q4-major-win32/bin/../lib/gcc/arm-none-eabi/9.2.1/thumb/v7-m/nofp\libgcc.a(_arm_unorddf2.o)
                              c:/hu/gcc-arm-none-eabi-9-2019-q4-major-win32/bin/../lib/gcc/arm-none-eabi/9.2.1/../../../../arm-none-eabi/lib/thumb/v7-m/nofp\libm.a(lib_a-w_sqrt.o) (__aeabi_dcmpun)
c:/hu/gcc-arm-none-eabi-9-2019-q4-major-win32/bin/../lib/gcc/arm-none-eabi/9.2.1/thumb/v7-m/nofp\libgcc.a(_arm_fixdfsi.o)
                              snake.o (__aeabi_d2iz)
c:/hu/gcc-arm-none-eabi-9-2019-q4-major-win32/bin/../lib/gcc/arm-none-eabi/9.2.1/thumb/v7-m/nofp\libgcc.a(_aeabi_uldivmod.o)
                              hwlib.o (__aeabi_uldivmod)
c:/hu/gcc-arm-none-eabi-9-2019-q4-major-win32/bin/../lib/gcc/arm-none-eabi/9.2.1/thumb/v7-m/nofp\libgcc.a(_udivmoddi4.o)
                              c:/hu/gcc-arm-none-eabi-9-2019-q4-major-win32/bin/../lib/gcc/arm-none-eabi/9.2.1/thumb/v7-m/nofp\libgcc.a(_aeabi_uldivmod.o) (__udivmoddi4)
c:/hu/gcc-arm-none-eabi-9-2019-q4-major-win32/bin/../lib/gcc/arm-none-eabi/9.2.1/thumb/v7-m/nofp\libgcc.a(_dvmd_tls.o)
                              c:/hu/gcc-arm-none-eabi-9-2019-q4-major-win32/bin/../lib/gcc/arm-none-eabi/9.2.1/thumb/v7-m/nofp\libgcc.a(_aeabi_uldivmod.o) (__aeabi_ldiv0)
c:/hu/gcc-arm-none-eabi-9-2019-q4-major-win32/bin/../lib/gcc/arm-none-eabi/9.2.1/../../../../arm-none-eabi/lib/thumb/v7-m/nofp\libc.a(lib_a-errno.o)
                              c:/hu/gcc-arm-none-eabi-9-2019-q4-major-win32/bin/../lib/gcc/arm-none-eabi/9.2.1/../../../../arm-none-eabi/lib/thumb/v7-m/nofp\libm.a(lib_a-w_sqrt.o) (__errno)
c:/hu/gcc-arm-none-eabi-9-2019-q4-major-win32/bin/../lib/gcc/arm-none-eabi/9.2.1/../../../../arm-none-eabi/lib/thumb/v7-m/nofp\libc.a(lib_a-impure.o)
                              c:/hu/gcc-arm-none-eabi-9-2019-q4-major-win32/bin/../lib/gcc/arm-none-eabi/9.2.1/../../../../arm-none-eabi/lib/thumb/v7-m/nofp\libc.a(lib_a-errno.o) (_impure_ptr)
c:/hu/gcc-arm-none-eabi-9-2019-q4-major-win32/bin/../lib/gcc/arm-none-eabi/9.2.1/../../../../arm-none-eabi/lib/thumb/v7-m/nofp\libc.a(lib_a-memset.o)
                              main.o (memset)

Allocating common symbols
Common symbol       size              file

__dso_handle        0x4               bmptk_cortex.o

Discarded input sections

 .group         0x00000000        0x8 snake.o
 .group         0x00000000        0x8 snake.o
 .group         0x00000000        0x8 snake.o
[...]
Memory Configuration

Name             Origin             Length             Attributes
rom              0x00000000         0x00080000         xr
ram              0x20070000         0x00018000         xrw
nul              0x20088000         0x00000000         xrw
*default*        0x00000000         0xffffffff

Linker script and memory map

LOAD c:/hu/gcc-arm-none-eabi-9-2019-q4-major-win32/bin/../lib/gcc/arm-none-eabi/9.2.1/thumb/v7-m/nofp\libgcc.a
LOAD snake.o
LOAD ILI9163.o
LOAD hwlib.o
LOAD main.o
LOAD bmptk_cortex.o
LOAD bmptk_heap_none.o
LOAD bmptk_fixed_size_stack.o
LOAD c:/hu/gcc-arm-none-eabi-9-2019-q4-major-win32/bin/../lib/gcc/arm-none-eabi/9.2.1/../../../../arm-none-eabi/lib/thumb/v7-m/nofp\libm.a
LOAD c:/hu/gcc-arm-none-eabi-9-2019-q4-major-win32/bin/../lib/gcc/arm-none-eabi/9.2.1/thumb/v7-m/nofp\libgcc.a
LOAD c:/hu/gcc-arm-none-eabi-9-2019-q4-major-win32/bin/../lib/gcc/arm-none-eabi/9.2.1/../../../../arm-none-eabi/lib/thumb/v7-m/nofp\libc.a
                0x00000000                __rom_start = ORIGIN (rom)
                0x00080000                __rom_size = LENGTH (rom)
                0x00080000                __rom_end = (__rom_start + __rom_size)
                0x20070000                __ram_start = ORIGIN (ram)
                0x00018000                __ram_size = LENGTH (ram)
                0x20088000                __ram_end = (__ram_start + __ram_size)
                [!provide]                PROVIDE (__rom_start = __rom_start)
                [!provide]                PROVIDE (__rom_size = __rom_size)
                [!provide]                PROVIDE (__rom_end = __rom_end)
                [!provide]                PROVIDE (__ram_start = __ram_start)
                [!provide]                PROVIDE (__ram_size = __ram_size)
                [!provide]                PROVIDE (__ram_end = __ram_end)

.text           0x00000000     0x2584
                0x00000000                . = ALIGN (0x4)
                0x00000000                __text_start = .
                [!provide]                PROVIDE (__text_start = __text_start)
                0x00000000                . = ALIGN (0x4)
 *(.vectors)
 .vectors       0x00000000       0x40 bmptk_cortex.o
                0x00000000                __vectors
                0x00000040                . = ALIGN (0x4)
 *(.EXTI)
 .EXTI          0x00000040       0x78 bmptk_cortex.o
                0x00000040                __externalISR
                0x000000b8                . = ALIGN (0x4)
 *(.text .text.* .gnu.linkonce.t.*)
 .text._ZN6object6updateEv
                0x000000b8        0x2 snake.o
                0x000000b8                object::update()
 .text._ZN6object8interactERS_
                0x000000ba        0x2 snake.o
                0x000000ba                object::interact(object&)
 .text._ZN5hwlib6window5writeENS_2xyENS_5colorE
                0x000000bc       0x5c snake.o
                0x000000bc                hwlib::window::write(hwlib::xy, hwlib::color)
 .text._ZN5hwlib6circle4drawERNS_6windowE
                0x00000118      0x16c snake.o
                0x00000118                hwlib::circle::draw(hwlib::window&)
 .text._ZN4food4drawEv
                0x00000284       0x38 snake.o
                0x00000284                food::draw()
 .text._ZN5hwlib4line4drawERNS_6windowE
                0x000002bc       0xa4 snake.o
                0x000002bc                hwlib::line::draw(hwlib::window&)
 .text._ZN4line4drawEv
                0x00000360       0x2c snake.o
                0x00000360                line::draw()
 .text._ZN5hwlib9rectangle4drawERNS_6windowE
                0x0000038c       0x88 snake.o
                0x0000038c                hwlib::rectangle::draw(hwlib::window&)
 .text._ZN5snake6updateEv
                0x00000414       0xf0 snake.o
                0x00000414                snake::update()
 .text._ZN5snake4drawEv
                0x00000504       0x58 snake.o
                0x00000504                snake::draw()
 .text._ZN4wall4drawEv
                0x0000055c       0x98 snake.o
                0x0000055c                wall::draw()
 .text._ZN6sam3xa10SystemInitEv
                0x000005f4       0x7c snake.o
                0x000005f4                sam3xa::SystemInit()
 .text._ZN3due8pin_infoENS_4pinsE
                0x00000670       0x20 snake.o
                0x00000670                due::pin_info(due::pins)
 .text._ZN3due14port_registersEm
                0x00000690       0x38 snake.o
                0x00000690                due::port_registers(unsigned long)
 .text._ZN3due12ticks_per_usEv
                0x000006c8        0x6 snake.o
                0x000006c8                due::ticks_per_us()
 *fill*         0x000006ce        0x2 
 .text._ZN3due9now_ticksEv
                0x000006d0       0x7c snake.o
                0x000006d0                due::now_ticks()
 .text._ZN4lineC2ERN5hwlib6windowERKNS0_2xyES5_NS0_5colorE
                0x0000074c       0x40 snake.o
                0x0000074c                line::line(hwlib::window&, hwlib::xy const&, hwlib::xy const&, hwlib::color)
                0x0000074c                line::line(hwlib::window&, hwlib::xy const&, hwlib::xy const&, hwlib::color)
 .text._Z5powerRKii
                0x0000078c       0x16 snake.o
                0x0000078c                power(int const&, int)
 .text._Z4distRKN5hwlib2xyES2_
                0x000007a2       0x3a snake.o
                0x000007a2                dist(hwlib::xy const&, hwlib::xy const&)
 .text._ZN6object8overlapsERKS_
                0x000007dc       0x50 snake.o
                0x000007dc                object::overlaps(object const&)
 .text._ZN5snake8interactER6object
                0x0000082c       0x16 snake.o
                0x0000082c                snake::interact(object&)
 *fill*         0x00000842        0x2 
 .text._ZN4food8interactER6object
                0x00000844       0x94 snake.o
                0x00000844                food::interact(object&)
 .text._ZN4wallC2ERN5hwlib6windowENS0_2xyES3_bb
                0x000008d8       0xb8 snake.o
                0x000008d8                wall::wall(hwlib::window&, hwlib::xy, hwlib::xy, bool, bool)
                0x000008d8                wall::wall(hwlib::window&, hwlib::xy, hwlib::xy, bool, bool)
 .text._ZN5snake10directionsEi
                0x00000990       0x6e snake.o
                0x00000990                snake::directions(int)
 .text._ZN5snake3winEv
                0x000009fe        0xc snake.o
                0x000009fe                snake::win()
 .text._ZN5snake5deathEv
                0x00000a0a       0x52 snake.o
                0x00000a0a                snake::death()
 .text._ZN37ILI9163_spi_128x128_direct_res_wrx_cs5flushEv
                0x00000a5c        0x2 ILI9163.o
                0x00000a5c                ILI9163_spi_128x128_direct_res_wrx_cs::flush()
 .text._ZN5hwlib6window5clearENS_5colorE
                0x00000a5e       0x50 ILI9163.o
                0x00000a5e                hwlib::window::clear(hwlib::color)
 .text._ZN5hwlib7spi_bus15spi_transactionC2ERS0_RNS_7pin_outE
                0x00000aae       0x24 ILI9163.o
                0x00000aae                hwlib::spi_bus::spi_transaction::spi_transaction(hwlib::spi_bus&, hwlib::pin_out&)
                0x00000aae                hwlib::spi_bus::spi_transaction::spi_transaction(hwlib::spi_bus&, hwlib::pin_out&)
 .text._ZN5hwlib7spi_bus15spi_transactionD2Ev
                0x00000ad2       0x1a ILI9163.o
                0x00000ad2                hwlib::spi_bus::spi_transaction::~spi_transaction()
                0x00000ad2                hwlib::spi_bus::spi_transaction::~spi_transaction()
 .text._ZN22ILI9163_spi_res_wrx_csC2ERN5hwlib7spi_busERN3due7pin_outES5_S5_
                0x00000aec       0x3a ILI9163.o
                0x00000aec                ILI9163_spi_res_wrx_cs::ILI9163_spi_res_wrx_cs(hwlib::spi_bus&, due::pin_out&, due::pin_out&, due::pin_out&)
                0x00000aec                ILI9163_spi_res_wrx_cs::ILI9163_spi_res_wrx_cs(hwlib::spi_bus&, due::pin_out&, due::pin_out&, due::pin_out&)
 .text._ZN22ILI9163_spi_res_wrx_cs7commandE16ILI9163_commands
                0x00000b26       0x42 ILI9163.o
                0x00000b26                ILI9163_spi_res_wrx_cs::command(ILI9163_commands)
 .text._ZN22ILI9163_spi_res_wrx_cs9parameterEh
                0x00000b68       0x42 ILI9163.o
                0x00000b68                ILI9163_spi_res_wrx_cs::parameter(unsigned char)
 .text._ZN22ILI9163_spi_res_wrx_cs6data16Et
                0x00000baa       0x58 ILI9163.o
                0x00000baa                ILI9163_spi_res_wrx_cs::data16(unsigned short)
 .text._ZN22ILI9163_spi_res_wrx_cs10setAddressEtttt
                0x00000c02       0x4a ILI9163.o
                0x00000c02                ILI9163_spi_res_wrx_cs::setAddress(unsigned short, unsigned short, unsigned short, unsigned short)
 .text._ZN22ILI9163_spi_res_wrx_cs17pixels_byte_writeEN5hwlib2xyEt
                0x00000c4c       0x68 ILI9163.o
                0x00000c4c                ILI9163_spi_res_wrx_cs::pixels_byte_write(hwlib::xy, unsigned short)
 .text._ZN37ILI9163_spi_128x128_direct_res_wrx_cs20write_implementationEN5hwlib2xyENS0_5colorE
                0x00000cb4       0x34 ILI9163.o
                0x00000cb4                ILI9163_spi_128x128_direct_res_wrx_cs::write_implementation(hwlib::xy, hwlib::color)
 .text._ZN22ILI9163_spi_res_wrx_cs13ILI9163_clearEt
                0x00000ce8       0x30 ILI9163.o
                0x00000ce8                ILI9163_spi_res_wrx_cs::ILI9163_clear(unsigned short)
 .text._ZN37ILI9163_spi_128x128_direct_res_wrx_cs20clear_implementationEN5hwlib5colorE
                0x00000d18       0x28 ILI9163.o
                0x00000d18                ILI9163_spi_128x128_direct_res_wrx_cs::clear_implementation(hwlib::color)
 .text._ZN37ILI9163_spi_128x128_direct_res_wrx_csC2ERN5hwlib7spi_busERN3due7pin_outES5_S5_
                0x00000d40      0x258 ILI9163.o
                0x00000d40                ILI9163_spi_128x128_direct_res_wrx_cs::ILI9163_spi_128x128_direct_res_wrx_cs(hwlib::spi_bus&, due::pin_out&, due::pin_out&, due::pin_out&)
                0x00000d40                ILI9163_spi_128x128_direct_res_wrx_cs::ILI9163_spi_128x128_direct_res_wrx_cs(hwlib::spi_bus&, due::pin_out&, due::pin_out&, due::pin_out&)
 .text._ZN5hwlib14pin_in_dummy_t4readEv
                0x00000f98        0x4 hwlib.o
                0x00000f98                hwlib::pin_in_dummy_t::read()
 .text._ZN5hwlib14pin_in_dummy_t7refreshEv
                0x00000f9c        0x2 hwlib.o
                0x00000f9c                hwlib::pin_in_dummy_t::refresh()
 .text._ZN5hwlib20pin_direct_from_in_t4readEv
                0x00000f9e       0x18 hwlib.o
                0x00000f9e                hwlib::pin_direct_from_in_t::read()
 .text._ZN5hwlib20pin_direct_from_in_t7refreshEv
                0x00000fb6        0x2 hwlib.o
                0x00000fb6                hwlib::pin_direct_from_in_t::refresh()
 .text._ZN5hwlib21pin_direct_from_out_t5writeEb
                0x00000fb8       0x18 hwlib.o
                0x00000fb8                hwlib::pin_direct_from_out_t::write(bool)
 .text._ZN5hwlib21pin_direct_from_out_t5flushEv
                0x00000fd0        0x2 hwlib.o
                0x00000fd0                hwlib::pin_direct_from_out_t::flush()
 .text._ZN5hwlib5panicEPKcj
                0x00000fd2        0x2 hwlib.o
                0x00000fd2                hwlib::panic(char const*, unsigned int)
 .text._ZN5hwlib15background_base18do_background_workEv
                0x00000fd4       0x3c hwlib.o
                0x00000fd4                hwlib::background_base::do_background_work()
 .text._ZN5hwlib4randEv
                0x00001010       0x1c hwlib.o
                0x00001010                hwlib::rand()
 .text._ZN5hwlib6directERNS_7pin_outE
                0x0000102c        0xc hwlib.o
                0x0000102c                hwlib::direct(hwlib::pin_out&)
 .text._ZN5hwlib6now_usEv
                0x00001038       0x1c hwlib.o
                0x00001038                hwlib::now_us()
 .text._ZN5hwlib7wait_usEi
                0x00001054       0x22 hwlib.o
                0x00001054                hwlib::wait_us(int)
 .text._ZN5hwlib7wait_msEi
                0x00001076       0x16 hwlib.o
                0x00001076                hwlib::wait_ms(int)
 .text._ZN3due7pin_out5writeEb
                0x0000108c        0xe main.o
                0x0000108c                due::pin_out::write(bool)
 .text._ZN3due7pin_out5flushEv
                0x0000109a        0x2 main.o
                0x0000109a                due::pin_out::flush()
 .text._ZN3due10pin_in_out19direction_set_inputEv
                0x0000109c        0x8 main.o
                0x0000109c                due::pin_in_out::direction_set_input()
 .text._ZN3due10pin_in_out4readEv
                0x000010a4       0x10 main.o
                0x000010a4                due::pin_in_out::read()
 .text._ZN3due10pin_in_out20direction_set_outputEv
                0x000010b4        0x8 main.o
                0x000010b4                due::pin_in_out::direction_set_output()
 .text._ZN3due10pin_in_out5writeEb
                0x000010bc        0xe main.o
                0x000010bc                due::pin_in_out::write(bool)
 .text._ZN3due10pin_in_out5flushEv
                0x000010ca        0x2 main.o
                0x000010ca                due::pin_in_out::flush()
 .text._ZN3due10pin_in_out7refreshEv
                0x000010cc        0x2 main.o
                0x000010cc                due::pin_in_out::refresh()
 .text._ZN3due10pin_in_out15direction_flushEv
                0x000010ce        0x2 main.o
                0x000010ce                due::pin_in_out::direction_flush()
 .text._ZN5hwlib33spi_bus_bit_banged_sclk_mosi_miso14write_and_readEjPKhPh
                0x000010d0       0x9a main.o
                0x000010d0                hwlib::spi_bus_bit_banged_sclk_mosi_miso::write_and_read(unsigned int, unsigned char const*, unsigned char*)
 *fill*         0x0000116a        0x2 
 .text._ZN3due7pin_outC2ENS_4pinsE
                0x0000116c       0x34 main.o
                0x0000116c                due::pin_out::pin_out(due::pins)
                0x0000116c                due::pin_out::pin_out(due::pins)
 .text._ZN3due10pin_in_outC2ENS_4pinsE
                0x000011a0       0x30 main.o
                0x000011a0                due::pin_in_out::pin_in_out(due::pins)
                0x000011a0                due::pin_in_out::pin_in_out(due::pins)
 .text.startup.main
                0x000011d0      0x26c main.o
                0x000011d0                main
 .text.__startup
                0x0000143c       0x40 bmptk_cortex.o
                0x0000143c                __startup
 .text.sqrt     0x0000147c       0xc0 c:/hu/gcc-arm-none-eabi-9-2019-q4-major-win32/bin/../lib/gcc/arm-none-eabi/9.2.1/../../../../arm-none-eabi/lib/thumb/v7-m/nofp\libm.a(lib_a-w_sqrt.o)
                0x0000147c                sqrt
 .text.__ieee754_sqrt
                0x0000153c      0x188 c:/hu/gcc-arm-none-eabi-9-2019-q4-major-win32/bin/../lib/gcc/arm-none-eabi/9.2.1/../../../../arm-none-eabi/lib/thumb/v7-m/nofp\libm.a(lib_a-e_sqrt.o)
                0x0000153c                __ieee754_sqrt
 .text.matherr  0x000016c4        0x4 c:/hu/gcc-arm-none-eabi-9-2019-q4-major-win32/bin/../lib/gcc/arm-none-eabi/9.2.1/../../../../arm-none-eabi/lib/thumb/v7-m/nofp\libm.a(lib_a-s_matherr.o)
                0x000016c4                matherr
 .text          0x000016c8      0x378 c:/hu/gcc-arm-none-eabi-9-2019-q4-major-win32/bin/../lib/gcc/arm-none-eabi/9.2.1/thumb/v7-m/nofp\libgcc.a(_arm_addsubdf3.o)
                0x000016c8                __aeabi_drsub
                0x000016d0                __aeabi_dsub
                0x000016d0                __subdf3
                0x000016d4                __aeabi_dadd
                0x000016d4                __adddf3
                0x0000194c                __floatunsidf
                0x0000194c                __aeabi_ui2d
                0x0000196c                __floatsidf
                0x0000196c                __aeabi_i2d
                0x00001990                __aeabi_f2d
                0x00001990                __extendsfdf2
                0x000019d4                __floatundidf
                0x000019d4                __aeabi_ul2d
                0x000019e4                __floatdidf
                0x000019e4                __aeabi_l2d
 .text          0x00001a40      0x424 c:/hu/gcc-arm-none-eabi-9-2019-q4-major-win32/bin/../lib/gcc/arm-none-eabi/9.2.1/thumb/v7-m/nofp\libgcc.a(_arm_muldivdf3.o)
                0x00001a40                __aeabi_dmul
                0x00001a40                __muldf3
                0x00001c94                __divdf3
                0x00001c94                __aeabi_ddiv
 .text          0x00001e64      0x110 c:/hu/gcc-arm-none-eabi-9-2019-q4-major-win32/bin/../lib/gcc/arm-none-eabi/9.2.1/thumb/v7-m/nofp\libgcc.a(_arm_cmpdf2.o)
                0x00001e64                __gtdf2
                0x00001e64                __gedf2
                0x00001e6c                __ltdf2
                0x00001e6c                __ledf2
                0x00001e74                __nedf2
                0x00001e74                __eqdf2
                0x00001e74                __cmpdf2
                0x00001ef0                __aeabi_cdrcmple
                0x00001f00                __aeabi_cdcmpeq
                0x00001f00                __aeabi_cdcmple
                0x00001f10                __aeabi_dcmpeq
                0x00001f24                __aeabi_dcmplt
                0x00001f38                __aeabi_dcmple
                0x00001f4c                __aeabi_dcmpge
                0x00001f60                __aeabi_dcmpgt
 .text          0x00001f74       0x2c c:/hu/gcc-arm-none-eabi-9-2019-q4-major-win32/bin/../lib/gcc/arm-none-eabi/9.2.1/thumb/v7-m/nofp\libgcc.a(_arm_unorddf2.o)
                0x00001f74                __unorddf2
                0x00001f74                __aeabi_dcmpun
 .text          0x00001fa0       0x50 c:/hu/gcc-arm-none-eabi-9-2019-q4-major-win32/bin/../lib/gcc/arm-none-eabi/9.2.1/thumb/v7-m/nofp\libgcc.a(_arm_fixdfsi.o)
                0x00001fa0                __aeabi_d2iz
                0x00001fa0                __fixdfsi
 .text          0x00001ff0       0x30 c:/hu/gcc-arm-none-eabi-9-2019-q4-major-win32/bin/../lib/gcc/arm-none-eabi/9.2.1/thumb/v7-m/nofp\libgcc.a(_aeabi_uldivmod.o)
                0x00001ff0                __aeabi_uldivmod
 .text          0x00002020      0x2c4 c:/hu/gcc-arm-none-eabi-9-2019-q4-major-win32/bin/../lib/gcc/arm-none-eabi/9.2.1/thumb/v7-m/nofp\libgcc.a(_udivmoddi4.o)
                0x00002020                __udivmoddi4
 .text          0x000022e4        0x4 c:/hu/gcc-arm-none-eabi-9-2019-q4-major-win32/bin/../lib/gcc/arm-none-eabi/9.2.1/thumb/v7-m/nofp\libgcc.a(_dvmd_tls.o)
                0x000022e4                __aeabi_ldiv0
 .text.__errno  0x000022e8        0xc c:/hu/gcc-arm-none-eabi-9-2019-q4-major-win32/bin/../lib/gcc/arm-none-eabi/9.2.1/../../../../arm-none-eabi/lib/thumb/v7-m/nofp\libc.a(lib_a-errno.o)
                0x000022e8                __errno
 .text.memset   0x000022f4       0xa0 c:/hu/gcc-arm-none-eabi-9-2019-q4-major-win32/bin/../lib/gcc/arm-none-eabi/9.2.1/../../../../arm-none-eabi/lib/thumb/v7-m/nofp\libc.a(lib_a-memset.o)
                0x000022f4                memset
                0x00002394                . = ALIGN (0x4)
 *(.glue_7t .glue_7)
 .glue_7        0x00002394        0x0 linker stubs
 .glue_7t       0x00002394        0x0 linker stubs
                0x00002394                . = ALIGN (0x4)
 *(.rodata .rodata.* .gnu.linkonce.r.*)
 .rodata._ZN3due8pin_infoENS_4pinsE.str1.1
                0x00002394       0x32 snake.o
 *fill*         0x000023c6        0x2 
 .rodata._ZTVN5hwlib4lineE
                0x000023c8        0xc snake.o
                0x000023c8                vtable for hwlib::line
 .rodata._ZTVN5hwlib9rectangleE
                0x000023d4        0xc snake.o
                0x000023d4                vtable for hwlib::rectangle
 .rodata._ZTVN5hwlib6circleE
                0x000023e0        0xc snake.o
                0x000023e0                vtable for hwlib::circle
 .rodata._ZTV4line
                0x000023ec       0x14 snake.o
                0x000023ec                vtable for line
 .rodata._ZN5hwlibL5blackE
                0x00002400        0x4 snake.o
 .rodata._ZN5hwlibL5whiteE
                0x00002404        0x4 snake.o
 .rodata._ZTV4food
                0x00002408       0x14 snake.o
                0x00002408                vtable for food
 .rodata._ZTV4wall
                0x0000241c       0x14 snake.o
                0x0000241c                vtable for wall
 .rodata._ZTV5snake
                0x00002430       0x14 snake.o
                0x00002430                vtable for snake
 .rodata._ZZN3due8pin_infoENS_4pinsEE14pin_info_array
                0x00002444       0xa4 snake.o
 .rodata._ZTV37ILI9163_spi_128x128_direct_res_wrx_cs
                0x000024e8       0x18 ILI9163.o
                0x000024e8                vtable for ILI9163_spi_128x128_direct_res_wrx_cs
 .rodata._ZTVN5hwlib14pin_in_dummy_tE
                0x00002500       0x10 hwlib.o
                0x00002500                vtable for hwlib::pin_in_dummy_t
 .rodata._ZTVN5hwlib20pin_direct_from_in_tE
                0x00002510       0x10 hwlib.o
                0x00002510                vtable for hwlib::pin_direct_from_in_t
 .rodata._ZTVN5hwlib21pin_direct_from_out_tE
                0x00002520       0x10 hwlib.o
                0x00002520                vtable for hwlib::pin_direct_from_out_t
 .rodata._ZTVN5hwlib33spi_bus_bit_banged_sclk_mosi_misoE
                0x00002530        0xc main.o
                0x00002530                vtable for hwlib::spi_bus_bit_banged_sclk_mosi_miso
 .rodata._ZTVN3due7pin_outE
                0x0000253c       0x10 main.o
                0x0000253c                vtable for due::pin_out
 .rodata._ZTVN3due10pin_in_outE
                0x0000254c       0x24 main.o
                0x0000254c                vtable for due::pin_in_out
 .rodata._ZN5hwlibL3redE
                0x00002570        0x4 main.o
 .rodata._ZN5hwlibL4blueE
                0x00002574        0x4 main.o
 .rodata._ZN5hwlibL5whiteE
                0x00002578        0x4 main.o
 .rodata.sqrt.str1.4
                0x0000257c        0x5 c:/hu/gcc-arm-none-eabi-9-2019-q4-major-win32/bin/../lib/gcc/arm-none-eabi/9.2.1/../../../../arm-none-eabi/lib/thumb/v7-m/nofp\libm.a(lib_a-w_sqrt.o)
                0x00002584                . = ALIGN (0x4)
 *fill*         0x00002581        0x3 
 *(.ARM.extab* .gnu.linkonce.armextab.*)
                0x00002584                . = ALIGN (0x4)
 *(.gcc_except_table)
                0x00002584                . = ALIGN (0x4)
 *(.eh_frame_hdr)
                0x00002584                . = ALIGN (0x4)
 *(.eh_frame)
                0x00002584                . = ALIGN (0x4)
                0x00002584                __text_end = .
                [!provide]                PROVIDE (__text_end = __text_end)

.vfp11_veneer   0x00002584        0x0
 .vfp11_veneer  0x00002584        0x0 linker stubs

.v4_bx          0x00002584        0x0
 .v4_bx         0x00002584        0x0 linker stubs

.iplt           0x00002584        0x0
 .iplt          0x00002584        0x0 snake.o

.IF_YOU_SEE_THIS_YOU_HAVE_ONE_OR_MORE_GLOBAL_OBJECT_CONSTRUCTORS
 *(.init)
 *(.preinit_array)
 *(SORT_BY_NAME(.init_array.*))
 *(.init_array)
                0x00002584                . = ALIGN (0x4)
                0x00002584                __exidx_start = .
                [!provide]                PROVIDE (__exidx_start = __exidx_start)

.ARM.exidx      0x00002584        0x8
 *(.ARM.exidx* .gnu.linkonce.armexidx.*)
 .ARM.exidx     0x00002584        0x8 c:/hu/gcc-arm-none-eabi-9-2019-q4-major-win32/bin/../lib/gcc/arm-none-eabi/9.2.1/thumb/v7-m/nofp\libgcc.a(_udivmoddi4.o)

.rel.dyn        0x0000258c        0x0
 .rel.iplt      0x0000258c        0x0 snake.o
                0x0000258c                . = ALIGN (0x4)
                0x0000258c                __exidx_end = .
                [!provide]                PROVIDE (__exidx_end = __exidx_end)

.bss            0x20070000    0x12020
                0x20070000                . = ALIGN (0x4)
                0x20070000                __stack_start = .
                [!provide]                PROVIDE (__stack_start = __stack_start)
                0x20070000                . = ALIGN (0x4)
 *(.bmptk_stack)
 .bmptk_stack   0x20070000    0x12000 bmptk_fixed_size_stack.o
                0x20070000                bmptk_stack
                0x20082000                . = ALIGN (0x8)
                0x20082000                __main_stack_end = .
                [!provide]                PROVIDE (__main_stack_end = __main_stack_end)
                0x20082000                . = ALIGN (0x4)
                0x20082000                __stack_end = .
                [!provide]                PROVIDE (__stack_end = __stack_end)
                0x20082000                . = ALIGN (0x4)
                0x20082000                __bss_start = .
                [!provide]                PROVIDE (__bss_start = __bss_start)
                0x20082000                . = ALIGN (0x4)
 *(.bss .bss.* .gnu.linkonce.b.*)
 .bss._ZZN3due9now_ticksEvE4high
                0x20082000        0x8 snake.o
 .bss._ZZN3due9now_ticksEvE8last_low
                0x20082008        0x4 snake.o
 .bss._ZZN3due9now_ticksEvE9init_done
                0x2008200c        0x1 snake.o
 *fill*         0x2008200d        0x3 
 .bss._ZN5hwlib15background_base5firstE
                0x20082010        0x4 hwlib.o
                0x20082010                hwlib::background_base::first
 .bss._ZN5hwlib15background_base7currentE
                0x20082014        0x4 hwlib.o
                0x20082014                hwlib::background_base::current
 .bss._ZN5hwlib15background_base7runningE
                0x20082018        0x1 hwlib.o
                0x20082018                hwlib::background_base::running
 *fill*         0x20082019        0x3 
 .bss._ZN5hwlib18random_chain_valueE
                0x2008201c        0x4 hwlib.o
                0x2008201c                hwlib::random_chain_value
                0x20082020                . = ALIGN (0x4)
 *(COMMON)
                0x20082020                . = ALIGN (0x4)
                0x20082020                __bss_end = .
                [!provide]                PROVIDE (__bss_end = __bss_end)

.data           0x20082020      0x438 load address 0x0000258c
                0x20082020                . = ALIGN (0x4)
                0x0000258c                __data_init_start = LOADADDR (.data)
                [!provide]                PROVIDE (__data_init_start = __data_init_start)
                0x20082020                __data_start = .
                [!provide]                PROVIDE (__data_start = __data_start)
                0x20082020                . = ALIGN (0x4)
 *(.data .data.* .gnu.linkonce.d.*)
 .data._ZN6sam3xa15SystemCoreClockE
                0x20082020        0x4 snake.o
                0x20082020                sam3xa::SystemCoreClock
 .data._ZN5hwlib12pin_in_dummyE
                0x20082024        0x4 hwlib.o
                0x20082024                hwlib::pin_in_dummy
 .data.__fdlib_version
                0x20082028        0x1 c:/hu/gcc-arm-none-eabi-9-2019-q4-major-win32/bin/../lib/gcc/arm-none-eabi/9.2.1/../../../../arm-none-eabi/lib/thumb/v7-m/nofp\libm.a(lib_a-s_lib_ver.o)
                0x20082028                __fdlib_version
 *fill*         0x20082029        0x3 
 .data._impure_ptr
                0x2008202c        0x4 c:/hu/gcc-arm-none-eabi-9-2019-q4-major-win32/bin/../lib/gcc/arm-none-eabi/9.2.1/../../../../arm-none-eabi/lib/thumb/v7-m/nofp\libc.a(lib_a-impure.o)
                0x2008202c                _impure_ptr
 .data.impure_data
                0x20082030      0x428 c:/hu/gcc-arm-none-eabi-9-2019-q4-major-win32/bin/../lib/gcc/arm-none-eabi/9.2.1/../../../../arm-none-eabi/lib/thumb/v7-m/nofp\libc.a(lib_a-impure.o)
                0x20082458                . = ALIGN (0x4)
                0x20082458                __data_end = .
                [!provide]                PROVIDE (__data_end = __data_end)
                0x0000258c                __data_init_end = LOADADDR (.data)
                [!provide]                PROVIDE (__data_init_end = __data_init_end)
                [!provide]                PROVIDE (__data_size = (__data_end - __data_start))
                [!provide]                PROVIDE (__data_init_size = __data_size)
                [!provide]                PROVIDE (__data_init_end = (__data_init_start + __data_init_size))

.igot.plt       0x20082458        0x0 load address 0x000029c4
 .igot.plt      0x20082458        0x0 snake.o
                0x20082458                . = ALIGN (0x4)
                0x20082458                __heap_start = .
                [!provide]                PROVIDE (__heap_start = __heap_start)
                0x20082458                . = ALIGN (0x4)
                0x20088000                __heap_end = __ram_end
                [!provide]                PROVIDE (__heap_end = __heap_end)

.stab
 *(.stab)

.stabstr
 *(.stabstr)

.debug
 *(.debug)

.line
 *(.line)

.debug_srcinfo
 *(.debug_srcinfo)

.debug_sfnames
 *(.debug_sfnames)

.debug_aranges
 *(.debug_aranges)

.debug_pubnames
 *(.debug_pubnames)

.debug_info
 *(.debug_info .gnu.linkonce.wi.*)

.debug_abbrev
 *(.debug_abbrev)

.debug_line
 *(.debug_line)

.debug_frame    0x00000000      0x350
 *(.debug_frame)
 .debug_frame   0x00000000       0x44 c:/hu/gcc-arm-none-eabi-9-2019-q4-major-win32/bin/../lib/gcc/arm-none-eabi/9.2.1/../../../../arm-none-eabi/lib/thumb/v7-m/nofp\libm.a(lib_a-w_sqrt.o)
 .debug_frame   0x00000044       0x30 c:/hu/gcc-arm-none-eabi-9-2019-q4-major-win32/bin/../lib/gcc/arm-none-eabi/9.2.1/../../../../arm-none-eabi/lib/thumb/v7-m/nofp\libm.a(lib_a-e_sqrt.o)
 .debug_frame   0x00000074       0x20 c:/hu/gcc-arm-none-eabi-9-2019-q4-major-win32/bin/../lib/gcc/arm-none-eabi/9.2.1/../../../../arm-none-eabi/lib/thumb/v7-m/nofp\libm.a(lib_a-s_matherr.o)
 .debug_frame   0x00000094       0xac c:/hu/gcc-arm-none-eabi-9-2019-q4-major-win32/bin/../lib/gcc/arm-none-eabi/9.2.1/thumb/v7-m/nofp\libgcc.a(_arm_addsubdf3.o)
 .debug_frame   0x00000140       0x50 c:/hu/gcc-arm-none-eabi-9-2019-q4-major-win32/bin/../lib/gcc/arm-none-eabi/9.2.1/thumb/v7-m/nofp\libgcc.a(_arm_muldivdf3.o)
 .debug_frame   0x00000190       0xc4 c:/hu/gcc-arm-none-eabi-9-2019-q4-major-win32/bin/../lib/gcc/arm-none-eabi/9.2.1/thumb/v7-m/nofp\libgcc.a(_arm_cmpdf2.o)
 .debug_frame   0x00000254       0x20 c:/hu/gcc-arm-none-eabi-9-2019-q4-major-win32/bin/../lib/gcc/arm-none-eabi/9.2.1/thumb/v7-m/nofp\libgcc.a(_arm_unorddf2.o)
 .debug_frame   0x00000274       0x24 c:/hu/gcc-arm-none-eabi-9-2019-q4-major-win32/bin/../lib/gcc/arm-none-eabi/9.2.1/thumb/v7-m/nofp\libgcc.a(_arm_fixdfsi.o)
 .debug_frame   0x00000298       0x2c c:/hu/gcc-arm-none-eabi-9-2019-q4-major-win32/bin/../lib/gcc/arm-none-eabi/9.2.1/thumb/v7-m/nofp\libgcc.a(_aeabi_uldivmod.o)
 .debug_frame   0x000002c4       0x34 c:/hu/gcc-arm-none-eabi-9-2019-q4-major-win32/bin/../lib/gcc/arm-none-eabi/9.2.1/thumb/v7-m/nofp\libgcc.a(_udivmoddi4.o)
 .debug_frame   0x000002f8       0x20 c:/hu/gcc-arm-none-eabi-9-2019-q4-major-win32/bin/../lib/gcc/arm-none-eabi/9.2.1/../../../../arm-none-eabi/lib/thumb/v7-m/nofp\libc.a(lib_a-errno.o)
 .debug_frame   0x00000318       0x38 c:/hu/gcc-arm-none-eabi-9-2019-q4-major-win32/bin/../lib/gcc/arm-none-eabi/9.2.1/../../../../arm-none-eabi/lib/thumb/v7-m/nofp\libc.a(lib_a-memset.o)

.comment        0x00000000       0x79
 .comment       0x00000000       0x79 snake.o
                                 0x7a (size before relaxing)
 .comment       0x00000079       0x7a ILI9163.o
 .comment       0x00000079       0x7a hwlib.o
 .comment       0x00000079       0x7a main.o
 .comment       0x00000079       0x7a bmptk_cortex.o
 .comment       0x00000079       0x7a bmptk_fixed_size_stack.o

.debug_str
 *(.debug_str)

.debug_loc
 *(.debug_loc)

.debug_macinfo
 *(.debug_macinfo)

.debug_weaknames
 *(.debug_weaknames)

.debug_funcnames
 *(.debug_funcnames)

.debug_typenames
 *(.debug_typenames)

.debug_varnames
 *(.debug_varnames)

.note.gnu.arm.ident
 *(.note.gnu.arm.ident)

.ARM.attributes
                0x00000000       0x2d
 *(.ARM.attributes)
 .ARM.attributes
                0x00000000       0x2d snake.o
 .ARM.attributes
                0x0000002d       0x2d ILI9163.o
 .ARM.attributes
                0x0000005a       0x2d hwlib.o
 .ARM.attributes
                0x00000087       0x2d main.o
 .ARM.attributes
                0x000000b4       0x2d bmptk_cortex.o
 .ARM.attributes
                0x000000e1       0x2d bmptk_heap_none.o
 .ARM.attributes
                0x0000010e       0x33 bmptk_fixed_size_stack.o
 .ARM.attributes
                0x00000141       0x2d c:/hu/gcc-arm-none-eabi-9-2019-q4-major-win32/bin/../lib/gcc/arm-none-eabi/9.2.1/../../../../arm-none-eabi/lib/thumb/v7-m/nofp\libm.a(lib_a-w_sqrt.o)
 .ARM.attributes
                0x0000016e       0x2d c:/hu/gcc-arm-none-eabi-9-2019-q4-major-win32/bin/../lib/gcc/arm-none-eabi/9.2.1/../../../../arm-none-eabi/lib/thumb/v7-m/nofp\libm.a(lib_a-e_sqrt.o)
 .ARM.attributes
                0x0000019b       0x2d c:/hu/gcc-arm-none-eabi-9-2019-q4-major-win32/bin/../lib/gcc/arm-none-eabi/9.2.1/../../../../arm-none-eabi/lib/thumb/v7-m/nofp\libm.a(lib_a-s_lib_ver.o)
 .ARM.attributes
                0x000001c8       0x2d c:/hu/gcc-arm-none-eabi-9-2019-q4-major-win32/bin/../lib/gcc/arm-none-eabi/9.2.1/../../../../arm-none-eabi/lib/thumb/v7-m/nofp\libm.a(lib_a-s_matherr.o)
 .ARM.attributes
                0x000001f5       0x1d c:/hu/gcc-arm-none-eabi-9-2019-q4-major-win32/bin/../lib/gcc/arm-none-eabi/9.2.1/thumb/v7-m/nofp\libgcc.a(_arm_muldf3.o)
 .ARM.attributes
                0x00000212       0x1d c:/hu/gcc-arm-none-eabi-9-2019-q4-major-win32/bin/../lib/gcc/arm-none-eabi/9.2.1/thumb/v7-m/nofp\libgcc.a(_arm_addsubdf3.o)
 .ARM.attributes
                0x0000022f       0x1d c:/hu/gcc-arm-none-eabi-9-2019-q4-major-win32/bin/../lib/gcc/arm-none-eabi/9.2.1/thumb/v7-m/nofp\libgcc.a(_arm_muldivdf3.o)
 .ARM.attributes
                0x0000024c       0x1d c:/hu/gcc-arm-none-eabi-9-2019-q4-major-win32/bin/../lib/gcc/arm-none-eabi/9.2.1/thumb/v7-m/nofp\libgcc.a(_arm_cmpdf2.o)
 .ARM.attributes
                0x00000269       0x1d c:/hu/gcc-arm-none-eabi-9-2019-q4-major-win32/bin/../lib/gcc/arm-none-eabi/9.2.1/thumb/v7-m/nofp\libgcc.a(_arm_unorddf2.o)
 .ARM.attributes
                0x00000286       0x1d c:/hu/gcc-arm-none-eabi-9-2019-q4-major-win32/bin/../lib/gcc/arm-none-eabi/9.2.1/thumb/v7-m/nofp\libgcc.a(_arm_fixdfsi.o)
 .ARM.attributes
                0x000002a3       0x1d c:/hu/gcc-arm-none-eabi-9-2019-q4-major-win32/bin/../lib/gcc/arm-none-eabi/9.2.1/thumb/v7-m/nofp\libgcc.a(_aeabi_uldivmod.o)
 .ARM.attributes
                0x000002c0       0x2d c:/hu/gcc-arm-none-eabi-9-2019-q4-major-win32/bin/../lib/gcc/arm-none-eabi/9.2.1/thumb/v7-m/nofp\libgcc.a(_udivmoddi4.o)
 .ARM.attributes
                0x000002ed       0x1d c:/hu/gcc-arm-none-eabi-9-2019-q4-major-win32/bin/../lib/gcc/arm-none-eabi/9.2.1/thumb/v7-m/nofp\libgcc.a(_dvmd_tls.o)
 .ARM.attributes
                0x0000030a       0x2d c:/hu/gcc-arm-none-eabi-9-2019-q4-major-win32/bin/../lib/gcc/arm-none-eabi/9.2.1/../../../../arm-none-eabi/lib/thumb/v7-m/nofp\libc.a(lib_a-errno.o)
 .ARM.attributes
                0x00000337       0x2d c:/hu/gcc-arm-none-eabi-9-2019-q4-major-win32/bin/../lib/gcc/arm-none-eabi/9.2.1/../../../../arm-none-eabi/lib/thumb/v7-m/nofp\libc.a(lib_a-impure.o)
 .ARM.attributes
                0x00000364       0x2d c:/hu/gcc-arm-none-eabi-9-2019-q4-major-win32/bin/../lib/gcc/arm-none-eabi/9.2.1/../../../../arm-none-eabi/lib/thumb/v7-m/nofp\libc.a(lib_a-memset.o)

/DISCARD/
 *(.note.GNU-stack)
                [!provide]                PROVIDE (__text_size = (__text_end - __text_start))
                [!provide]                PROVIDE (__exidx_size = (__exidx_end - __exidx_start))
                [!provide]                PROVIDE (__bss_size = (__bss_end - __bss_start))
                [!provide]                PROVIDE (__stack_size = (__stack_end - __stack_start))
                [!provide]                PROVIDE (__heap_size = (__heap_end - __heap_start))
OUTPUT(main.elf elf32-littlearm)
